  Renderer.c
C:\Program Files (x86)\Windows Kits\10\Include\10.0.19041.0\um\winbase.h(9572,5): warning C5105: 生成“已定义”的宏扩展具有未定义的行为
D:\QXY\cpp\Draw2D\Include\Define.h(52,1): warning C4244: “初始化”: 从“double”转换到“float”，可能丢失数据
D:\QXY\cpp\Draw2D\Include\Define.h(57,1): warning C4244: “初始化”: 从“double”转换到“float”，可能丢失数据
D:\QXY\cpp\Draw2D\Include\Renderer.h(14,1): warning C4067: 预处理器指令后有意外标记 - 应输入换行符
D:\QXY\cpp\Draw2D\Src\Renderer.c(65,117): warning C4244: “函数”: 从“float”转换到“const uint8_t”，可能丢失数据
D:\QXY\cpp\Draw2D\Src\Renderer.c(65,121): warning C4244: “函数”: 从“float”转换到“const uint8_t”，可能丢失数据
D:\QXY\cpp\Draw2D\Src\Renderer.c(65,125): warning C4244: “函数”: 从“float”转换到“const uint8_t”，可能丢失数据
D:\QXY\cpp\Draw2D\Src\Renderer.c(65,129): warning C4244: “函数”: 从“float”转换到“const uint8_t”，可能丢失数据
D:\QXY\cpp\Draw2D\Src\Renderer.c(140,34): warning C4047: “return”:“uint32_t”与“void *”的间接级别不同
D:\QXY\cpp\Draw2D\Src\Renderer.c(145,29): warning C4047: “return”:“uint32_t”与“void *”的间接级别不同
D:\QXY\cpp\Draw2D\Src\Renderer.c(150,33): warning C4047: “return”:“uint32_t”与“void *”的间接级别不同
D:\QXY\cpp\Draw2D\Src\Renderer.c(154,39): warning C4047: “return”:“uint32_t”与“void *”的间接级别不同
D:\QXY\cpp\Draw2D\Src\Renderer.c(277,146): warning C4244: “=”: 从“float”转换到“uint8_t”，可能丢失数据
D:\QXY\cpp\Draw2D\Src\Renderer.c(278,146): warning C4244: “=”: 从“float”转换到“uint8_t”，可能丢失数据
D:\QXY\cpp\Draw2D\Src\Renderer.c(279,146): warning C4244: “=”: 从“float”转换到“uint8_t”，可能丢失数据
D:\QXY\cpp\Draw2D\Src\Renderer.c(214,1): warning C4267: “初始化”: 从“size_t”转换到“uint32_t”，可能丢失数据
D:\QXY\cpp\Draw2D\Src\Renderer.c(381,20): warning C4018: “<”: 有符号/无符号不匹配
  Shader.c
C:\Program Files (x86)\Windows Kits\10\Include\10.0.19041.0\um\winbase.h(9572,5): warning C5105: 生成“已定义”的宏扩展具有未定义的行为
D:\QXY\cpp\Draw2D\Include\Define.h(52,1): warning C4244: “初始化”: 从“double”转换到“float”，可能丢失数据
D:\QXY\cpp\Draw2D\Include\Define.h(57,1): warning C4244: “初始化”: 从“double”转换到“float”，可能丢失数据
D:\QXY\cpp\Draw2D\Include\Renderer.h(14,1): warning C4067: 预处理器指令后有意外标记 - 应输入换行符
D:\QXY\cpp\Draw2D\Src\Shader.c(302,146): warning C4244: “=”: 从“float”转换到“uint8_t”，可能丢失数据
D:\QXY\cpp\Draw2D\Src\Shader.c(303,146): warning C4244: “=”: 从“float”转换到“uint8_t”，可能丢失数据
D:\QXY\cpp\Draw2D\Src\Shader.c(304,146): warning C4244: “=”: 从“float”转换到“uint8_t”，可能丢失数据
D:\QXY\cpp\Draw2D\Src\Shader.c(235,11): warning C4101: “srtm”: 未引用的局部变量
D:\QXY\cpp\Draw2D\Src\Shader.c(198,10): warning C4101: “half”: 未引用的局部变量
  正在生成代码
  4 of 98 functions ( 4.1%) were compiled, the rest were copied from previous compilation.
    0 functions were new in current compilation
    1 functions had inline decision re-evaluated but remain unchanged
  已完成代码的生成
  Draw2D.vcxproj -> D:\QXY\cpp\Draw2D\x64\Release\Draw2D.exe
