  MemManage.c
  Draw2D.c
C:\Program Files (x86)\Windows Kits\10\Include\10.0.19041.0\um\winbase.h(9572,5): warning C5105: 生成“已定义”的宏扩展具有未定义的行为
D:\QXY\cpp\Draw2D\Include\Define.h(52,1): warning C4244: “初始化”: 从“double”转换到“float”，可能丢失数据
D:\QXY\cpp\Draw2D\Include\Define.h(57,1): warning C4244: “初始化”: 从“double”转换到“float”，可能丢失数据
D:\QXY\cpp\Draw2D\Draw2D\Draw2D.c(38,37): warning C4022: “GameEngine_MouseKeyEvent”: 指针与实参 2 不匹配
D:\QXY\cpp\Draw2D\Draw2D\Draw2D.c(78,35): warning C4022: “GameEngine_MouseKeyEvent”: 指针与实参 2 不匹配
D:\QXY\cpp\Draw2D\Draw2D\Draw2D.c(85,34): warning C4022: “GameEngine_MouseKeyEvent”: 指针与实参 2 不匹配
D:\QXY\cpp\Draw2D\Draw2D\Draw2D.c(89,34): warning C4022: “GameEngine_MouseKeyEvent”: 指针与实参 2 不匹配
D:\QXY\cpp\Draw2D\Draw2D\Draw2D.c(93,34): warning C4022: “GameEngine_MouseKeyEvent”: 指针与实参 2 不匹配
D:\QXY\cpp\Draw2D\Draw2D\Draw2D.c(97,34): warning C4022: “GameEngine_MouseKeyEvent”: 指针与实参 2 不匹配
D:\QXY\cpp\Draw2D\Draw2D\Draw2D.c(142,11): warning C4047: “return”:“HWND”与“int”的间接级别不同
D:\QXY\cpp\Draw2D\Draw2D\Draw2D.c(311,99): warning C4244: “=”: 从“double”转换到“DWORD”，可能丢失数据
D:\QXY\cpp\Draw2D\Draw2D\Draw2D.c(316,71): warning C4244: “=”: 从“double”转换到“float”，可能丢失数据
  正在生成代码
  11 of 94 functions (11.7%) were compiled, the rest were copied from previous compilation.
    8 functions were new in current compilation
    15 functions had inline decision re-evaluated but remain unchanged
  已完成代码的生成
  Draw2D.vcxproj -> D:\QXY\cpp\Draw2D\Release\Draw2D.exe
